test one (this comment will not exist)
:optional, :meta1
test other (this comment will not exist either)
:meta2