<list>
<pos>c:\github\haxe\tests\misc\projects\issue2997\main.hx:2: characters 4-14</pos>
</list>