Main.hx:5: characters 3-22 : No @:arrayAccess function accepts argument of String