<type p="d:\code\haxe\tests\misc\projects\issue5152\main.hx:4: characters 17-20">
String
</type>