Main.hx:3: characters 21-25 : Array access is not allowed on () -> Unknown<0>