<type>
haxe.ds.Option&lt;Unknown&lt;0&gt;&gt;
</type>