my_template.mtt:2: characters 3-6 : Warning : check pos
my_template.mtt:2: characters 3-6 : Warning : check pos