Main.hx:3: characters 17-20 : Cannot use abstract as value
Main.hx:3: characters 17-20 : For function argument 'e'