Main.hx:3: characters 57-58 : Int should be { test : String }