Main.hx:10: characters 22-28 : String should be Bool