Main.hx:6: characters 3-8 : Type not found : 0.Foo