Main.hx:4: characters 4-13 : { field : Unknown<1>, args : Unknown<0> } should be Unknown<0>