MainTry.hx:3: characters 2-5 : Expected catch after try