Main.hx:5: characters 20-21 : Expression cannot be empty