Main1.hx:7: characters 22-25 : Unknown identifier : foo