Main1.hx:7: characters 15-26 : Main1 should be String
Main1.hx:7: characters 15-26 : For function argument 't'