Main.hx:2: characters 25-30 : Arguments of type Void are not allowed