Main.hx:12: characters 12-13 : Constraint check failure for E1.T
Main.hx:12: characters 12-13 : ... Main.T should be String