Main.hx:1: characters 7-8 : Type aliases must start with an uppercase letter