Main4.hx:3: characters 9-51 : Method noClosureInstanceMethod cannot be used as a value