Main.hx:12: characters 39-41 : No route to host(connect, )