Main.hx:3: characters 14-16 : { } should be Under<Unknown<0>>